                                                                                       WWWWWWWWWWWWW
                 W                                                              WW  W  WWWWWWWWWWWWW
               WWW                                          W W                 WW WW WWWWWWWWWWWWWW
                WW                                        W WWWWW                  WW WWWWWWWWWWWWWW
               WWWWWW                                     WWWWWW  W                WWWWWWWWWWWWWWWWW
               WWWWWWWW                                  WWWWWWWWWWW          WW  WWWWWWWWWWWWWWWWWW
              WWWWWWWWWW                              WWWWWWWWWWWWWWWWW       WW  WWWWWWWWWWWWWWWWWW
               WWWWWWWWW                           WW WWWWWWWWWWWWWWWWWWWWW   WWW WWWWWWWWWWWWWWWWWW
                WWWWWWW                            WWWWWWWWWWWWWWWWWWWWWWWWW    WWWWWWWWWWWWWWWWWWWW
                 W WWWW                              WWWWWWWWWWWWWWWWWWWWWWW    WWWWWWWWWWWWWWWWWWWW
                                                   WWWWWWWWWWWWWWWWWWWWWWWWW WW WWWWWWWWWWWWWWWWWWWW
                                                   WWWWWWWWWWWWWWWWWW  WWWW  WWWWWWWWWWWWWWWWWWWWWWW
                                                  WWWWWWWWWWWWWWWWWWWW      WWWWWWWWWWWWWWWWWWWWWWWW
                                                  WWWWWWWWWWWWWWWWWWWWW      WWWWWWWWWWWWWWWWWWWWWWW
                                                 WWWWWWWWWW  WWWWWWWWWW      WWWWWWWWWWWWWWWWWWWWWWW
                                                 WWWWWWWWW    WWWWWWWWW   WWWWWWWWWWWWWWWWWWWWWWWWWW
                                                WWWWWWWWWW    WWWWWWWWWW   WWWWWWWWWWWWWWWWWWWWWWWWW
                                                WWWWWWWWWW   WWWWWWWWWWWWWWWWWWWWWWWWWWWWWWWWWWWWWWW
                                              WWWWWWWWWWWW   WWWWWWWWWWWWWWWWWWWWWWWWWWWWWWWWWWWWWWW
                                              WWWWWWWWWWW   WWWWWWWWWWWWWWWWWWWWWWWWWWWWWWWWWWWWWWWW
                                            WWWWWWWWWWWW   WWWWWWWWWWWWWWWWWWWWWWWWWWWWWWWWWWWWWWWWW
                                           WWWWWWWWWWWW   WWWWWWWWWWWWWWWWWWWWWWWWWWWWWWWWWWWWWWWWWW
                                         WWWWWWWWWWWWW    WWWWWWWWWWWWWWWWWWWWWWWWWWWWWWWWWWWWWWWWWW
                                        WWWWWWWWWWWWWW    WWWWWWWWWWWWWWWWWWWWWWWWWWWWWWWWWWWWWWWWWW
                                        WWWWWWWWWWWWW     WWWW WWWWWWWWWWWWWWWWWWWWWWWWWWWWWWWWWWWWW
                                       WWWWWWWWWWWWWW     WWW WWWWWWWWWWWWWWWWWWWWWWWWWWWWWWWWWWWWWW
                       W               WWWWWWWWWWWWWW     WWWWWWWWWWWWWWWWWWWWWWWWWWWWWWWWWWWWWWWWWW
                      W  WW             WWWWWWWWWWWWWW     WWWWW   WWWWWWWWWWWWWWWWWWWWWWWWWWWWWWWWW
                      W WWW            WWWWWWWWWWWWWWWW W   WW       WWWWWWWWWWWWWWWWWWWWWWWWWWWWWWW
                      W WW              WWWW WWWWWWWWWW           WWWWWWWWWWWWWWWWWWWWWWWWWWWWWWWWWW
                       WWWWW           WWWWW  WWWWWWWWW      WWWWWWWWWWWWWWWWWWWWWWWWWWWWWWWWWWWWWWW
                       WWWWW            WW    WWWWWWW      W WWWW WWWWWWWWWWWWWWWWWWWWWWWWWWWWWWWWWW
                      WWWWW                   WWWWWW       W WWWWW WWWWWWWWWWWWWWWWWWWWWWWWWWWWWWWWW
                  WW  WWWW                    WWWWWW          WWWWWWWWWWWWWWWWWWWWWWWWWWWWWWWWWWWWWW
               W  WWW  WWWW                W  WWWWWW  W    W  WWWWWWWWWWWWWWWWWWWWWWWWWWWWWWWWWWWWWW
               WWWWWW WWWWW              WWW  WWWWWW  W   WWW WWWWWWWWWWWWWWWWWWWWWWWWWWWWWWWWWWWWWW
               WWWWW    WWW              WWW  WWWWW   W   WWWWWWWWWWWWWWWWWWWWWWWWWWWWWWWWWWWWWWWWWW
               WWWWW    WWW              WWW   WWWW       WWWWWWWWWWWWWWWWWWWWWWWWWWWWWWWWWWWWWWWWWW
             WWWWWWW    WWWW             WW    WW         WWWWWWWWWWWWWWWWWWWWWWWWWWWWWWWWWWWWWWWWWW
             WWWWWW     WWWW             WWW W WW         WWWWWWWWWWWWWWWWWWWWWWWWWWWWWWWWWWWWWWWWWW
              W       WWWWWW             WW      W        WWWWWWWWWWWWWWWWWWWWWWWWWWWWWWWWWWWWWWWWWW
                      WWWWWW             WW   WW     W   WWWWWWWWWWWWWWWWWWWWWWWWWWWWWWWWWWWWWWWWWWW
                    WWWWWWWWW            WWW WW    WWWW  WWWWWWWWWWWWWWWWWWWWWWWWWWWWWWWWWWWWWWWWWWW
                     WWWWWWWWW      WWWWWWWWWWWW WWWWWWWWWWWWWWWWWWWWWWWWWWWWWWWWWWWWWWWWWWWWWWWWWWW
                    WWWWWWWWW     W WWWWWWWWWWWWWWWWWWWWWWWWWWWWWWWWWWWWWWWWWWWWWWWWWWWWWWWWWWWWWWWW
                  WWWWWWWWWW      WWWWWWWWWWWWWWWWWWWWWWWWWWWWWWWWWWWWWWWWWWWWWWWWWWWWWWWWWWWWWWWWWW
                        WWWW     WWWWWWWWWWWWWWWWWWWWWWWWWWWWWWWWWWWWWWWWWWWWWWWWWWWWWWWWWWWWWWWWWWW
                              WWWWWWWWWWWWWWWWWWWWWWWWWWWWWWWWWWWWWWWWWWWWWWWWWWWWWWWWWWWWWWWWWWWWWW
                            WWWWWWWWWWWWWWWWWWWWWWWWWWWWWWWWWWWWWWWWWWWWWWWWWWWWWWWWWWWWWWWWWWWWWWWW
                      WW    WWWWWWWWWWWWWWWWWWWWWWWWWWWWWWWWWWWWWWWWWWWWWWWWWWWWWWWWWWWWWWWWWWWWWWWW
                  WW  WWWWWWWWWWWWWWWWWWWWWWWWWWWWWWWWWWWWWWWWWWWWWWWWWWWWWWWWWWWWWWWWWWWWWWWWWWWWWW
                  WWWWWWWWWWWWWWWWWWWWWWWWWWWWWWWWWWWWWWWWWWWWWWWWWWWWWWWWWWWWWWWWWWWWWWWWWWWWWWWWWW
                   WWWWWWWWWWWWWWWWWWWWWWWWWWWWWWWWWWWWWWWWWWWWWWWWWWWWWWWWWWWWWWWWWWWWWWWWWWWWWWWWW
                    WWWWWWWWWWWWWWWWWWWWWWWWWWWWWWWWWWWWWWWWWWWWWWWWWWWWWWWWWWWWWWWWWWWWWWWWWWWWWWWW
                     WWWWWWWWWWWWWWWWWWWWWWWWWWWWWWWWWWWWWWWWWWWWWWWWWWWWWWWWWWWWWWWWWWWWWWWWWWWWWWW
                    WWWWWWWWWWWWWWWWWWWWWWWWWWWWWWWWWWWWWWWWWWWWWWWWWWWWWWWWWWWWWWWWWWW WWWWWWWWWWWW
                     WWWWWWWWWWWWWWWWWWWWWWWWWWWWWWWWWWWWWWWWWWWWWWWWWWWWWWWWWWWWWWW   WWWWWWWWWWWWW
                     WWWWWWWWWWWWWWWWWWWWWWWWWWWWWWWWWWWWWWWWWWWWWWWWWWWWWWWWWWWWWWW  WWWWWWWWWWWWWW
                      WWWWWWWWWWWWWWWWWWWWWWWWWWWWWWWWWWWWWWWWWWWWWWWWWWWWWWWWWWWW     WWWWWWWWWWWWW
      WWWW            WWWWWWWWWWWWWWWWWWWWWWWWWWWWWWWWWWWWWWWWWWWWWWWWWWWW   WWWW     WWWWWWWWWWWWWW
      WWWWWW        WWWWWWWWWWWWWWWWWWWWWWWWWWWWWWWWWWWWWWWWWWWWWWWWWWWWW    W WW     WWWWWWWWWWWWWW
      WWWWWWW       WWWWWWWWWWWWWWWWWWWWWWWWWWWWWWWWWWWWWWWWWWWWWWWWWWWWW     WWWWWW  WWWWWWWWWWWWWW
      WWWWWWWWWW   WWWWWWWWWWWWWWWWWWWWWWWWWWWWWWWWWWWWWWWWWWWWWWWWWWWWW        WW        WWWWWWWWWW
      WWWWWWWWWWWW WWWWWWWWWWWWWWWWWWWWWWWW   WWWWWWWWWWWWWWWWWWWWWWWWWW        W           WWWWWWWW
     WWWWWWWWWWWWWWWWWWWWWWWWWWWWWWWWWWWWWW   WWWWWWWWWWWWWWWWWWWWWWWWWW                     WWWWWWW
     WWWWWWWWWWWWWWWWWWWWWWWWWWWWWWW  WWWWW     WWWWWWWWWWWWWWWWWWWWWWW                        WWWWW
    WWWWWWWWWWWWWWWWWWWWWW     WWW     WWWWW    WWWWWWWWWWWWWWWWWWWWWWW                        WWWWW
   WWWWWWWWWWWWWWWWWWWWWWW              WWWW     WWWWWWWWWWWWWWWWWWWWWW                        WWWWW
  WWWWWWWWWWWWWWWWWWWWWWWW              WWWWW     WWWWWWWWWWWWWWWWWWWW                        WWWWWW
   WWWWWWWWWWWWWWWWWWWWW             W W WWWWW      WWWWWWWWWWWWWWWWWW             W        WWWWWWWW
   WWWWWWWWWWWWWWWWWW               WW   WWWWW        WWWWWWWWWWWWWWWW          WWWWWW    WWWWWWWWWW
  WWWWWWWWWWWWWWWWWW                WW    WWWWW       WWWWWWWWWWWWWWWW        WWWWWWWWWWWWWWWWWWWWWW
  WWWWWWWWWWWWWWWWW                        WWWWWWW     WWWWWWWWWWWWWWW       WWWWWWWWWWWWWWWWWWWWWWW
  WWWWWWWWWWWWWWWWW                 W        WWWWW     WWWWWWWWWWWWWWWWW WWWWWWWWWWWWWWWWWWWWWWWWWWW
      WWWWWWWWWWWWW     WW         WW         WWWWW    WWWWWWWWW   WW    WWWWWWWWWWWWWWWWWWWWWWWWWWW
      WWWWWWWWWWWW   W             WW          WWWWWW  WWWWWW W        WWWWWWWWWWWWWWWWWWWWWWWWWWWWW
      WWWWWWWWWWW                  WW           WW  WW  WWWWW       WWWWWWWWWWWWWWWWWWWWWWWWWWWWWWWW
      WW   WWW                     WW            W       WWWW       WWWWWWWWWWWWWWWWWWWWWWWWWWWWWWWW
                                                 WW      WWWW        WWWWWWWWWWWWWWWWWWWWWWWWWWWWWWW
      WW                                         WW       WWW        WWWWWWWWWWWWWWWWWWWWWWWWWWWWWWW
     WWW                                         W        WWWW W     WWWWWWWWWWWWWWWWWWWWWWWWWWWWWWW
    WWWWWWWW      WWWW W                  WW  W W             W       WWWWWWWWWWWWWWWWWWWWWWWWWWWWWW
 WWWWWWWWWWWW WWWWWWWWWWWWWWWWWWW  WW      WWWW            WWW        WWWWWWWWWWWWWW   WWWWWWWWWWWWW
WWWWWWWWWWWWWWWWWWWWWWWWWWWWWWWWWWWWWWW      WW            WWW          WWWWW   WWW    WWWWWWWWWWWWW
WWWWWWWWWWWWWWWWWWWWWWWWWWWWWWWWWWWWWWW       W            WWW            WW           WWWWWWWWWWWWW
WWWWWWWWWWWWWWWWWWWWWWWWWWWWWWWWWWWWWW                                             WW   WWWWWWWWWWWW
WWWWWWWWWWWWWWWWWWWWWWWWWWWWWWWWWWWWWW       W                                    WW    WWWWWWWWWWWW
WWWWWWWWWWWWWWWWWWWWWWWWWWWWWWWWWWWWWWW                        WW                WW     WWWWWWWWWWWW
WWWWWWWWWWWWWWWWWWWWWWWWWWWWWWWWWWWWWW                           WW                     WWWWWWWWWWWW
WWWWWWWWWWWWWWWWWWWWWWWWWWWWWWWWWWWWW                                                  WWWWWWWWWWWWW
WWWWWWWWWWWWWWWWWWWWWWWWWWWWWWWWWWWW                                                   WWWWWWWWWWWWW
WWWWWWWWWWWWWWWWWWWWWWWWWWWWWWWWWWWWW                                                  WWWWWWWWWWWWW
WWWWWWWWWWWWWWWWWWWWWWWWWWWWWWWWWWWWWWW                                                WWWWWWWWWWWWW
WWWWWWWWWWWWWWWWWWWWWWWWWWWWWWWWWWWWWWWWWWW                                            WWWWWWWWWWWWW
WWWWWWWWWWWWWWWWWWWWWWWWWWWWWWWWWWWWWWWWWWWW              WWWW                        WWWWWWWWWWWWWW
WWWWWWWWWWWWWWWWWWWWWWWWWWWWWWWWWWWWWWWWWWWWWW          WWWWWW                        WWWWWWWWWWWWWW
WWWWWWWWWWWWWWWWWWWWWWWWWWWWWWWWWWWWWWWWWWWWWWW         WWWWWWWWWW            WWWW WWWWWWWWWWWWWWWWW
WWWWWWWWWWWWWWWWWWWWWWWWWWWWWWWWWWWWWWWWWWWWWWWW        WWWWWWWWWWWWW       WWWWWWWWWWWWWWWWWWWWWWWW
WWWWWWWWWWWWWWWWWWWWWWWWWWWWWWWWWWWWWWWWWWWWWWWWWW      WWWWWWWWWWWWWWWWWWWWWWWWWWWWWWWWWWWWWWWWWWWW
WWWWWWWWWWWWWWWWWWWWWWWWWWWWWWWWWWWWWWWWWWWWWWWWWWW      WWWWWWWWWWWWWWWWWWWWWWWWWWWWWWWWWWWWWWWWWWW