                                                                                       W            
                 W                                                              WW  W  W            
               WWW                                          W W                 WW WW WW            
                WW                                        W WWWWW                  WW WW            
               WWWWWW                                     WWW  W  W                WWWW             
               WWWWWWWW                                  WW    WWWWW          WW  WW                
              WWWWWWWWWW                              WWWW         WWWW       WW  W                 
               WWWWWWWWW                           WW W               WWWWW   WWW W                 
                WWWWWWW                            WWW                    WW    WWW                 
                 W WWWW                              W                     W    W                   
                                                   WWW             WWWWW  WW WW W                   
                                                   W               W   WWWW  WWWW                   
                                                  WW               WW       WW                      
                                                  W      WWWWW      WWW      W                      
                                                 WW      WW  WW       W      W                      
                                                 W       W    W       W   WWWW                      
                                                WW       W    W       WW   W                        
                                                WW       W   WW        WWWWW                        
                                              WWWW     WWW   W                                      
                                              WWWW    WWW   WW                                      
                                            WWWWWW    WW   WW                                       
                                           WWWWWW    WW   WW                                        
                                         WWW         W    WW                                        
                                        W           W     W                                         
                                        W           W     W                                         
                                       WW           W     WW                                        
                       W               WW           W     W   WWWWWW                                
                      W  WW             W           WW     WWWW    WWW                              
                      W WWW            WWWWWWW       WW W   W      WW                               
                      W WW              WWWW WW      WW           WWW                               
                       WWWWW           WWWWW  W    WWWW      WWWWWWWW                               
                       WWWWW            WW    W    WW      W WW W WWW                               
                      WWWWW                   W    W       W WW WW WW                               
                  WW  WWWW                    W    W          W  WWWW                               
               W  WWW  WWWW                W  W    W  W    W  W  W                                  
               WWWWWW WWWWW              WWW  WWWWWW  W   WWW W                                     
               WWWWW    WWW              WWW   WWWW   W   WWWWW                                     
               WWWWW    WWW              WWW   WWWW       W                                         
             WWWWWWW    WWWW             WW    WW         W                                         
             WWWWWW     WWWW             WWW W            WW                                        
              W       WWWWWW             WW      W         W                                        
                      WWWWWW             WW              WWW                                        
                    WWWWWWWWW            WWW WW     WWW  W                                          
                     WWWWWWWWW      WWWWWWWWWWWW WWWW WWWW                                          
                    WWWWWWWWW     W WWWWWWWW   WWW                                                  
                  WWWWWWWWWW      WWWWWWWWWW                                                        
                        WWWW      WWWWWWWWWW                                                        
                              WWWWWW   WWWWW                                                        
                            WWWW  WW   WWWWW                                                        
                      WW    WW    W    WWWWW W                                                      
                  WW  WWWWWWW     W    WWWWW                                                        
                  WWWWWW          W    WWWWWW                                                       
                   WWWWW          W    WWWWW                                                        
                    WWWW          W    WWWWWW                                                       
                     WWW          W    WWWWWWW                                        WWW           
                    WWW           W    WWWWW                                       WWWW W           
                     WW          WW    WWWWW                                       W   WW           
                     WW           W W  WWWWW                                     WWW  WWW           
                      W           W    WWWWW                             WWWWWWWWW     W            
      WWWW            W      W    W    WWWWW                            WW   WWWW     WW            
      WWWWWW        WWW           W    WWWWW                            W    W WW     W             
       WWWWWW       WWW   WW      W    WWWWWWWW                        WW     WWWWWW  WWWWW         
      WW    WWWW   WW             W    WWWWWWWW                        W        WW        WWW       
      W        WWW WW  WW         WWWWWWWWW   WWW                      W        W           WW      
     WW          WWW  W           WWWWWWWWW     W                     WW                     WWW    
     W              W    WWWWWWWWWWW  WWWWW     W                     W                        W    
    WW                   W     WWW     WWWWW    WW                    W                        W    
   WW              W     W              WWWW     WW                  WW                             
  WW                  WWWW              WWWWW     WWW                W                        WW    
   W             W  WWWW             W W WWWWW      WWW              W             W        WWW     
   W             W WW               WW   WWWWW        W              W          WWWWWW    WWWW      
  WW            W WW                WW    WWWWW       WWW            W        WWW    WWWWWW         
  WW           W  W                        WWWWWWW     WW            W       WW                     
  WWWWW        W  W                 W        WWWWW     WW      WWWWWWWWW WWWWW                      
      W        WWWW     WW         WW         WWWWW     WWW WWWW   WW    W                          
      WWWWWWWWWWWW   W             WW          WWWWWW  WWWW W W        WWW                          
      WWWWWWWWWWW                  WW           WW  WW  WWW W       WWWWWW                          
      WW   WWW                     WW            W       WW W       WW                              
                                                 WW      WW W        W                              
      WW                                         WW       W W        W                              
     WWW                                         W        WWWW W     WW                             
    WWWWWWWW      WWWW W                  WW  W W             W       W            WWWWW            
 WWWWWWWWWWWW WWWWWWWWWWWWWWWWWWW  WW      WWWW            WWW        WWW   WWWWW WW   W            
WWWWWWWWWWWWWWWWWWWWWWWWWWWWWWWWWWWWWWW      WW            WWW          WWWWW   WWW    W            
WWWWWWWWWWWWWWWWWWWWWWWWWWWWWWWWWWWWWWW       W            WWW            WW           WW           
WWWWWWWWWWWWWWWWWWWWWWWWWWWWWWWWWWWWWW                                             WW   W           
WWWWWWWW                 W WWWWWWWWWWW       W                                    WW    W           
WWWWWWWW        W      WW WWWWWWWWWWWWW                        WW                WW     W           
WWWWWWWW      W           W W   WW WWW                           WW                     W           
WWWWWWWW     W            WWWWW    WW                                                  W            
WWWWWWWW           W        W      W                                                   W            
WWWWWWWW                    W      WW                                                  W            
WWWWWWWW                    W       WW                                                 W            
WWWWWWWW                    W        WWWWWW                                            W            
WWWWWWWW                    W             WW              WWWW                        WW            
WWWWWWWW                    W              WWW          WWWWWW                        W             
WWWWWWWW                    W                WW         WWW  WWWWW            WWWW WWWW             
WWWWWWWW                    W                 WW        WW       WWWW       WWW  WWWW               
WWWWWWWW                    W                  WWW      WW          WWWWWWWWW                       
WWWWWWWW                    W                    WW      W                                          